// Jest Snapshot v1, https://goo.gl/fbAQLP

exports[`[snapshot] AspectRatioFence AspectRatioFenceLegacy 1`] = `
<div
  className="AspectRatioFenceLegacy_wrap_ZYFye"
>
  <div
    className="AspectRatioFenceLegacy_container_3VjLm"
    style={
      Object {
        "paddingBottom": "56.25%",
      }
    }
  >
    <img
      alt="AspectRatioFence"
      src="AspectRatioFence.png"
    />
  </div>
</div>
`;
